[2026-09-01T13:40:17.098Z] Starting dev server with command: pnpm run dev
[2026-09-01T13:40:20.018Z] > mg-motors-dashboard-clone@1.0.0 dev /home/ubuntu/mg-motors-dashboard-clone
[2026-09-01T13:40:20.018Z] > NODE_ENV=development tsx watch server/_core/index.ts
[2026-09-01T13:40:20.372Z] node:internal/modules/run_main:122
[2026-09-01T13:40:20.372Z] triggerUncaughtException(
[2026-09-01T13:40:20.372Z] ^
[2026-09-01T13:40:20.372Z] Error [ERR_MODULE_NOT_FOUND]: Cannot find module '/home/ubuntu/mg-motors-dashboard-clone/server/_core/index.ts' imported from /home/ubuntu/mg-motors-dashboard-clone/
[2026-09-01T13:40:20.372Z] at finalizeResolution (node:internal/modules/esm/resolve:275:11)
[2026-09-01T13:40:20.372Z] at moduleResolve (node:internal/modules/esm/resolve:932:10)
[2026-09-01T13:40:20.372Z] at defaultResolve (node:internal/modules/esm/resolve:1056:11)
[2026-09-01T13:40:20.372Z] at nextResolve (node:internal/modules/esm/hooks:748:28)
[2026-09-01T13:40:20.372Z] at resolveBase (file:///home/ubuntu/mg-motors-dashboard-clone/node_modules/tsx/dist/register-SoqaU4rg.mjs:2:10334)
[2026-09-01T13:40:20.372Z] at resolveDirectory (file:///home/ubuntu/mg-motors-dashboard-clone/node_modules/tsx/dist/register-SoqaU4rg.mjs:2:11421)
[2026-09-01T13:40:20.372Z] at resolveTsPaths (file:///home/ubuntu/mg-motors-dashboard-clone/node_modules/tsx/dist/register-SoqaU4rg.mjs:2:13062)
[2026-09-01T13:40:20.372Z] at resolve (file:///home/ubuntu/mg-motors-dashboard-clone/node_modules/tsx/dist/register-SoqaU4rg.mjs:2:14748)
[2026-09-01T13:40:20.372Z] at nextResolve (node:internal/modules/esm/hooks:748:28)
[2026-09-01T13:40:20.372Z] at Hooks.resolve (node:internal/modules/esm/hooks:240:30) {
[2026-09-01T13:40:20.373Z] code: 'ERR_MODULE_NOT_FOUND',
[2026-09-01T13:40:20.373Z] url: 'file:///home/ubuntu/mg-motors-dashboard-clone/server/_core/index.ts'
[2026-09-01T13:40:20.373Z] }
[2026-09-01T13:40:20.373Z] Node.js v22.13.0
